<html>
<body>
<pre>
<h1>µVision Build Log</h1>
<h2>Tool Versions:</h2>
IDE-Version: ¦ÌVision V5.29.0.0
Copyright (C) 2019 ARM Ltd and ARM Germany GmbH. All rights reserved.
License Information: 1 Yian, 1, LIC=NQQMA-15FPF-307NC-7PTH7-RP718-TMZFF
 
Tool Versions:
Toolchain:       MDK-ARM Plus  Version: 5.29.0.0
Toolchain Path:  D:\keil\ARM\ARMCC\Bin
C Compiler:      Armcc.exe V5.06 update 6 (build 750)
Assembler:       Armasm.exe V5.06 update 6 (build 750)
Linker/Locator:  ArmLink.exe V5.06 update 6 (build 750)
Library Manager: ArmAr.exe V5.06 update 6 (build 750)
Hex Converter:   FromElf.exe V5.06 update 6 (build 750)
CPU DLL:         SARMCM3.DLL V5.29.0.0
Dialog DLL:      DCM.DLL V1.17.3.0
Target DLL:      STLink\ST-LINKIII-KEIL_SWO.dll V3.0.7.0
Dialog DLL:      TCM.DLL V1.36.5.0
 
<h2>Project:</h2>
D:\CodeField\My_DRIVER\SPI\SDcard\STM32_SPI_SDCARD-master\Old_STM32F1\MDK-ARM\STM32_SPI_SDCARD.uvprojx
Project File Date:  04/26/2023

<h2>Output:</h2>
*** Using Compiler 'V5.06 update 6 (build 750)', folder: 'D:\keil\ARM\ARMCC\Bin'
Rebuild target 'STM32_SPI_SDCARD'
assembling startup_stm32f103xb.s...
compiling stm32f1xx_hal_flash.c...
compiling stm32f1xx_hal_gpio.c...
compiling stm32f1xx_hal_msp.c...
compiling stm32f1xx_hal_tim.c...
compiling stm32f1xx_hal_pwr.c...
compiling stm32f1xx_it.c...
compiling fatfs.c...
compiling main.c...
Warning: L6171W: Code symbol free defined in non executable section main.o(.data).
Finished: 0 information, 1 warning and 0 error messages.
compiling stm32f1xx_hal_rcc.c...
compiling fatfs_sd.c...
compiling user_diskio.c...
compiling system_stm32f1xx.c...
compiling stm32f1xx_hal_flash_ex.c...
compiling stm32f1xx_hal_cortex.c...
compiling stm32f1xx_hal_tim_ex.c...
compiling stm32f1xx_hal_rcc_ex.c...
compiling stm32f1xx_hal.c...
compiling stm32f1xx_hal_dma.c...
compiling stm32f1xx_hal_spi_ex.c...
compiling stm32f1xx_hal_gpio_ex.c...
compiling stm32f1xx_hal_spi.c...
compiling ff.c...
compiling ccsbcs.c...
compiling syscall.c...
compiling diskio.c...
compiling ff_gen_drv.c...
linking...
STM32_SPI_SDCARD\STM32_SPI_SDCARD.axf: Warning: L6171W: Code symbol free defined in non executable section main.o(.data).
Program Size: Code=13028 RO-data=1688 RW-data=68 ZI-data=10044  
Finished: 0 information, 1 warning and 0 error messages.
"STM32_SPI_SDCARD\STM32_SPI_SDCARD.axf" - 0 Error(s), 2 Warning(s).

<h2>Software Packages used:</h2>

Package Vendor: ARM
                http://www.keil.com/pack/ARM.CMSIS.5.6.0.pack
                ARM.CMSIS.5.6.0
                CMSIS (Cortex Microcontroller Software Interface Standard)
   * Component: CORE Version: 5.3.0

Package Vendor: Keil
                http://www.keil.com/pack/Keil.STM32F1xx_DFP.2.4.0.pack
                Keil.STM32F1xx_DFP.2.4.0
                STMicroelectronics STM32F1 Series Device Support, Drivers and Examples

<h2>Collection of Component include folders:</h2>
  .\RTE\_STM32_SPI_SDCARD
  D:\keil\Arm\Packs\ARM\CMSIS\5.6.0\CMSIS\Core\Include
  D:\keil\Arm\Packs\Keil\STM32F1xx_DFP\2.4.0\Device\Include

<h2>Collection of Component Files used:</h2>

   * Component: ARM::CMSIS:CORE:5.3.0
Build Time Elapsed:  00:00:04
</pre>
</body>
</html>
